MySQL connected
Redis connected
[GIN-debug] [WARNING] Running in "debug" mode. Switch to "release" mode in production.
 - using env:	export GIN_MODE=release
 - using code:	gin.SetMode(gin.ReleaseMode)

[GIN-debug] POST   /api/auth/register        --> worldcup-mate/internal/handlers.Register (4 handlers)
[GIN-debug] POST   /api/auth/login           --> worldcup-mate/internal/handlers.Login (4 handlers)
[GIN-debug] POST   /api/auth/logout          --> worldcup-mate/internal/handlers.Logout (4 handlers)
[GIN-debug] GET    /api/matches              --> worldcup-mate/internal/handlers.ListMatches (4 handlers)
[GIN-debug] GET    /api/matches/today        --> worldcup-mate/internal/handlers.GetTodayMatches (4 handlers)
[GIN-debug] GET    /api/matches/tomorrow     --> worldcup-mate/internal/handlers.GetTomorrowMatches (4 handlers)
[GIN-debug] GET    /api/matches/upcoming     --> worldcup-mate/internal/handlers.GetUpcomingMatches (4 handlers)
[GIN-debug] GET    /api/matches/live         --> worldcup-mate/internal/handlers.GetLiveMatches (4 handlers)
[GIN-debug] GET    /api/matches/recommended  --> worldcup-mate/internal/handlers.GetRecommendedMatches (4 handlers)
[GIN-debug] GET    /api/matches/progress     --> worldcup-mate/internal/handlers.GetTournamentProgress (4 handlers)
[GIN-debug] GET    /api/matches/:id          --> worldcup-mate/internal/handlers.GetMatchDetail (4 handlers)
[GIN-debug] GET    /api/matches/by-team/:teamId --> worldcup-mate/internal/handlers.GetMatchesByTeam (4 handlers)
[GIN-debug] GET    /api/matches/by-group/:groupId --> worldcup-mate/internal/handlers.GetMatchesByGroup (4 handlers)
[GIN-debug] GET    /api/matches/by-stage/:stage --> worldcup-mate/internal/handlers.GetMatchesByStage (4 handlers)
[GIN-debug] GET    /api/teams                --> worldcup-mate/internal/handlers.ListTeams (4 handlers)
[GIN-debug] GET    /api/teams/:id            --> worldcup-mate/internal/handlers.GetTeamDetail (4 handlers)
[GIN-debug] GET    /api/teams/:id/matches    --> worldcup-mate/internal/handlers.GetTeamMatches (4 handlers)
[GIN-debug] GET    /api/groups               --> worldcup-mate/internal/handlers.ListGroups (4 handlers)
[GIN-debug] GET    /api/groups/:id           --> worldcup-mate/internal/handlers.GetGroupDetail (4 handlers)
[GIN-debug] GET    /api/groups/:id/standings --> worldcup-mate/internal/handlers.GetGroupStandings (4 handlers)
[GIN-debug] GET    /api/standings            --> worldcup-mate/internal/handlers.ListStandings (4 handlers)
[GIN-debug] GET    /api/standings/best-third --> worldcup-mate/internal/handlers.GetBestThird (4 handlers)
[GIN-debug] GET    /api/cities               --> worldcup-mate/internal/handlers.ListCities (4 handlers)
[GIN-debug] GET    /api/stadiums             --> worldcup-mate/internal/handlers.ListStadiums (4 handlers)
[GIN-debug] GET    /api/stadiums/:id         --> worldcup-mate/internal/handlers.GetStadiumDetail (4 handlers)
[GIN-debug] GET    /api/sync/status          --> worldcup-mate/internal/handlers.GetSyncStatus (4 handlers)
[GIN-debug] GET    /api/user/profile         --> worldcup-mate/internal/handlers.GetProfile (5 handlers)
[GIN-debug] PUT    /api/user/profile         --> worldcup-mate/internal/handlers.UpdateProfile (5 handlers)
[GIN-debug] POST   /api/favorites/teams/:teamId --> worldcup-mate/internal/handlers.AddFavoriteTeam (5 handlers)
[GIN-debug] DELETE /api/favorites/teams/:teamId --> worldcup-mate/internal/handlers.RemoveFavoriteTeam (5 handlers)
[GIN-debug] GET    /api/favorites/teams      --> worldcup-mate/internal/handlers.ListFavoriteTeams (5 handlers)
[GIN-debug] POST   /api/favorites/matches/:matchId --> worldcup-mate/internal/handlers.AddFavoriteMatch (5 handlers)
[GIN-debug] DELETE /api/favorites/matches/:matchId --> worldcup-mate/internal/handlers.RemoveFavoriteMatch (5 handlers)
[GIN-debug] GET    /api/favorites/matches    --> worldcup-mate/internal/handlers.ListFavoriteMatches (5 handlers)
[GIN-debug] POST   /api/reminders            --> worldcup-mate/internal/handlers.CreateReminder (5 handlers)
[GIN-debug] GET    /api/reminders            --> worldcup-mate/internal/handlers.ListReminders (5 handlers)
[GIN-debug] PUT    /api/reminders/:id        --> worldcup-mate/internal/handlers.UpdateReminder (5 handlers)
[GIN-debug] DELETE /api/reminders/:id        --> worldcup-mate/internal/handlers.DeleteReminder (5 handlers)
[GIN-debug] GET    /api/notifications        --> worldcup-mate/internal/handlers.ListNotifications (5 handlers)
[GIN-debug] PUT    /api/notifications/:id/read --> worldcup-mate/internal/handlers.MarkNotificationRead (5 handlers)
[GIN-debug] PUT    /api/notifications/read-all --> worldcup-mate/internal/handlers.MarkAllNotificationsRead (5 handlers)
[GIN-debug] POST   /api/admin/login          --> worldcup-mate/internal/handlers.AdminLogin (4 handlers)
[GIN-debug] GET    /api/admin/dashboard      --> worldcup-mate/internal/handlers.AdminDashboard (6 handlers)
[GIN-debug] GET    /api/admin/teams          --> worldcup-mate/internal/handlers.AdminListTeams (6 handlers)
[GIN-debug] POST   /api/admin/teams          --> worldcup-mate/internal/handlers.AdminCreateTeam (6 handlers)
[GIN-debug] PUT    /api/admin/teams/:id      --> worldcup-mate/internal/handlers.AdminUpdateTeam (6 handlers)
[GIN-debug] DELETE /api/admin/teams/:id      --> worldcup-mate/internal/handlers.AdminDeleteTeam (6 handlers)
[GIN-debug] GET    /api/admin/groups         --> worldcup-mate/internal/handlers.AdminListGroups (6 handlers)
[GIN-debug] POST   /api/admin/groups         --> worldcup-mate/internal/handlers.AdminCreateGroup (6 handlers)
[GIN-debug] PUT    /api/admin/groups/:id     --> worldcup-mate/internal/handlers.AdminUpdateGroup (6 handlers)
[GIN-debug] GET    /api/admin/cities         --> worldcup-mate/internal/handlers.AdminListCities (6 handlers)
[GIN-debug] POST   /api/admin/cities         --> worldcup-mate/internal/handlers.AdminCreateCity (6 handlers)
[GIN-debug] PUT    /api/admin/cities/:id     --> worldcup-mate/internal/handlers.AdminUpdateCity (6 handlers)
[GIN-debug] DELETE /api/admin/cities/:id     --> worldcup-mate/internal/handlers.AdminDeleteCity (6 handlers)
[GIN-debug] GET    /api/admin/stadiums       --> worldcup-mate/internal/handlers.AdminListStadiums (6 handlers)
[GIN-debug] POST   /api/admin/stadiums       --> worldcup-mate/internal/handlers.AdminCreateStadium (6 handlers)
[GIN-debug] PUT    /api/admin/stadiums/:id   --> worldcup-mate/internal/handlers.AdminUpdateStadium (6 handlers)
[GIN-debug] DELETE /api/admin/stadiums/:id   --> worldcup-mate/internal/handlers.AdminDeleteStadium (6 handlers)
[GIN-debug] GET    /api/admin/matches        --> worldcup-mate/internal/handlers.AdminListMatches (6 handlers)
[GIN-debug] POST   /api/admin/matches        --> worldcup-mate/internal/handlers.AdminCreateMatch (6 handlers)
[GIN-debug] PUT    /api/admin/matches/:id    --> worldcup-mate/internal/handlers.AdminUpdateMatch (6 handlers)
[GIN-debug] DELETE /api/admin/matches/:id    --> worldcup-mate/internal/handlers.AdminDeleteMatch (6 handlers)
[GIN-debug] PUT    /api/admin/matches/:id/score --> worldcup-mate/internal/handlers.AdminUpdateMatchScore (6 handlers)
[GIN-debug] PUT    /api/admin/matches/:id/status --> worldcup-mate/internal/handlers.AdminUpdateMatchStatus (6 handlers)
[GIN-debug] POST   /api/admin/matches/import --> worldcup-mate/internal/handlers.AdminImportMatches (6 handlers)
[GIN-debug] POST   /api/admin/sync/matches   --> worldcup-mate/internal/handlers.AdminSyncMatches (6 handlers)
[GIN-debug] GET    /api/admin/standings      --> worldcup-mate/internal/handlers.AdminListStandings (6 handlers)
[GIN-debug] POST   /api/admin/standings/recalculate --> worldcup-mate/internal/handlers.AdminRecalculateStandings (6 handlers)
[GIN-debug] PUT    /api/admin/standings/:id  --> worldcup-mate/internal/handlers.AdminUpdateStanding (6 handlers)
[GIN-debug] GET    /api/admin/users          --> worldcup-mate/internal/handlers.AdminListUsers (6 handlers)
[GIN-debug] PUT    /api/admin/users/:id/status --> worldcup-mate/internal/handlers.AdminUpdateUserStatus (6 handlers)
[GIN-debug] Listening and serving HTTP on listener what's bind with address@[::]:8080
[GIN-debug] [WARNING] You trusted all proxies, this is NOT safe. We recommend you to set a value.
Please check https://github.com/gin-gonic/gin/blob/master/docs/doc.md#dont-trust-all-proxies for details.
